Archive member included because of file (symbol)

c:/program files (x86)/atmel/avr tools/avr toolchain/bin/../lib/gcc/avr/4.5.1/avr5\libgcc.a(_divmodhi4.o)
                              game.o (__divmodhi4)
c:/program files (x86)/atmel/avr tools/avr toolchain/bin/../lib/gcc/avr/4.5.1/avr5\libgcc.a(_exit.o)
                              c:/program files (x86)/atmel/avr tools/avr toolchain/bin/../lib/gcc/avr/4.5.1/../../../../avr/lib/avr5/crtm32.o (exit)
c:/program files (x86)/atmel/avr tools/avr toolchain/bin/../lib/gcc/avr/4.5.1/avr5\libgcc.a(_copy_data.o)
                              RTOS_Sample.o (__do_copy_data)
c:/program files (x86)/atmel/avr tools/avr toolchain/bin/../lib/gcc/avr/4.5.1/avr5\libgcc.a(_clear_bss.o)
                              RTOS_Sample.o (__do_clear_bss)
c:/program files (x86)/atmel/avr tools/avr toolchain/bin/../lib/gcc/avr/4.5.1/avr5\libgcc.a(_udivmodhi4.o)
                              c:/program files (x86)/atmel/avr tools/avr toolchain/bin/../lib/gcc/avr/4.5.1/avr5\libgcc.a(_divmodhi4.o) (__udivmodhi4)
c:/program files (x86)/atmel/avr tools/avr toolchain/bin/../lib/gcc/avr/4.5.1/../../../../avr/lib/avr5\libc.a(rand.o)
                              game.o (rand)
c:/program files (x86)/atmel/avr tools/avr toolchain/bin/../lib/gcc/avr/4.5.1/../../../../avr/lib/avr5\libc.a(memcpy.o)
                              queue.o (memcpy)
c:/program files (x86)/atmel/avr tools/avr toolchain/bin/../lib/gcc/avr/4.5.1/../../../../avr/lib/avr5\libc.a(memset.o)
                              tasks.o (memset)
c:/program files (x86)/atmel/avr tools/avr toolchain/bin/../lib/gcc/avr/4.5.1/../../../../avr/lib/avr5\libc.a(strncpy.o)
                              tasks.o (strncpy)
c:/program files (x86)/atmel/avr tools/avr toolchain/bin/../lib/gcc/avr/4.5.1/../../../../avr/lib/avr5\libc.a(ltoa.o)
                              RTOS_Sample.o (ltoa)
c:/program files (x86)/atmel/avr tools/avr toolchain/bin/../lib/gcc/avr/4.5.1/../../../../avr/lib/avr5\libc.a(eerd_word_atmega32.o)
                              RTOS_Sample.o (__eerd_word_m32)
c:/program files (x86)/atmel/avr tools/avr toolchain/bin/../lib/gcc/avr/4.5.1/../../../../avr/lib/avr5\libc.a(eeupd_word_atmega32.o)
                              RTOS_Sample.o (__eeupd_word_m32)
c:/program files (x86)/atmel/avr tools/avr toolchain/bin/../lib/gcc/avr/4.5.1/../../../../avr/lib/avr5\libc.a(strrev.o)
                              c:/program files (x86)/atmel/avr tools/avr toolchain/bin/../lib/gcc/avr/4.5.1/../../../../avr/lib/avr5\libc.a(ltoa.o) (strrev)
c:/program files (x86)/atmel/avr tools/avr toolchain/bin/../lib/gcc/avr/4.5.1/../../../../avr/lib/avr5\libc.a(eerd_block_atmega32.o)
                              c:/program files (x86)/atmel/avr tools/avr toolchain/bin/../lib/gcc/avr/4.5.1/../../../../avr/lib/avr5\libc.a(eerd_word_atmega32.o) (__eerd_blraw_m32)
c:/program files (x86)/atmel/avr tools/avr toolchain/bin/../lib/gcc/avr/4.5.1/../../../../avr/lib/avr5\libc.a(eeupd_byte_atmega32.o)
                              c:/program files (x86)/atmel/avr tools/avr toolchain/bin/../lib/gcc/avr/4.5.1/../../../../avr/lib/avr5\libc.a(eeupd_word_atmega32.o) (__eeupd_byte_m32)
c:/program files (x86)/atmel/avr tools/avr toolchain/bin/../lib/gcc/avr/4.5.1/avr5\libgcc.a(_mulsi3.o)
                              c:/program files (x86)/atmel/avr tools/avr toolchain/bin/../lib/gcc/avr/4.5.1/../../../../avr/lib/avr5\libc.a(rand.o) (__mulsi3)
c:/program files (x86)/atmel/avr tools/avr toolchain/bin/../lib/gcc/avr/4.5.1/avr5\libgcc.a(_udivmodsi4.o)
                              c:/program files (x86)/atmel/avr tools/avr toolchain/bin/../lib/gcc/avr/4.5.1/../../../../avr/lib/avr5\libc.a(ltoa.o) (__udivmodsi4)
c:/program files (x86)/atmel/avr tools/avr toolchain/bin/../lib/gcc/avr/4.5.1/avr5\libgcc.a(_divmodsi4.o)
                              c:/program files (x86)/atmel/avr tools/avr toolchain/bin/../lib/gcc/avr/4.5.1/../../../../avr/lib/avr5\libc.a(rand.o) (__divmodsi4)
c:/program files (x86)/atmel/avr tools/avr toolchain/bin/../lib/gcc/avr/4.5.1/avr5\libgcc.a(_prologue.o)
                              c:/program files (x86)/atmel/avr tools/avr toolchain/bin/../lib/gcc/avr/4.5.1/../../../../avr/lib/avr5\libc.a(rand.o) (__prologue_saves__)
c:/program files (x86)/atmel/avr tools/avr toolchain/bin/../lib/gcc/avr/4.5.1/avr5\libgcc.a(_epilogue.o)
                              c:/program files (x86)/atmel/avr tools/avr toolchain/bin/../lib/gcc/avr/4.5.1/../../../../avr/lib/avr5\libc.a(rand.o) (__epilogue_restores__)

Memory Configuration

Name             Origin             Length             Attributes
text             0x00000000         0x00020000         xr
data             0x00800060         0x0000ffa0         rw !x
eeprom           0x00810000         0x00010000         rw !x
fuse             0x00820000         0x00000400         rw !x
lock             0x00830000         0x00000400         rw !x
signature        0x00840000         0x00000400         rw !x
*default*        0x00000000         0xffffffff

Linker script and memory map

LOAD c:/program files (x86)/atmel/avr tools/avr toolchain/bin/../lib/gcc/avr/4.5.1/../../../../avr/lib/avr5/crtm32.o
LOAD RTOS_Sample.o
LOAD croutine.o
LOAD list.o
LOAD queue.o
LOAD tasks.o
LOAD timers.o
LOAD port.o
LOAD heap_1.o
LOAD i2c.o
LOAD lcd.o
LOAD game.o
LOAD c:/program files (x86)/atmel/avr tools/avr toolchain/bin/../lib/gcc/avr/4.5.1/avr5\libgcc.a
LOAD c:/program files (x86)/atmel/avr tools/avr toolchain/bin/../lib/gcc/avr/4.5.1/../../../../avr/lib/avr5\libc.a
LOAD c:/program files (x86)/atmel/avr tools/avr toolchain/bin/../lib/gcc/avr/4.5.1/avr5\libgcc.a

.hash
 *(.hash)

.dynsym
 *(.dynsym)

.dynstr
 *(.dynstr)

.gnu.version
 *(.gnu.version)

.gnu.version_d
 *(.gnu.version_d)

.gnu.version_r
 *(.gnu.version_r)

.rel.init
 *(.rel.init)

.rela.init
 *(.rela.init)

.rel.text
 *(.rel.text)
 *(.rel.text.*)
 *(.rel.gnu.linkonce.t*)

.rela.text
 *(.rela.text)
 *(.rela.text.*)
 *(.rela.gnu.linkonce.t*)

.rel.fini
 *(.rel.fini)

.rela.fini
 *(.rela.fini)

.rel.rodata
 *(.rel.rodata)
 *(.rel.rodata.*)
 *(.rel.gnu.linkonce.r*)

.rela.rodata
 *(.rela.rodata)
 *(.rela.rodata.*)
 *(.rela.gnu.linkonce.r*)

.rel.data
 *(.rel.data)
 *(.rel.data.*)
 *(.rel.gnu.linkonce.d*)

.rela.data
 *(.rela.data)
 *(.rela.data.*)
 *(.rela.gnu.linkonce.d*)

.rel.ctors
 *(.rel.ctors)

.rela.ctors
 *(.rela.ctors)

.rel.dtors
 *(.rel.dtors)

.rela.dtors
 *(.rela.dtors)

.rel.got
 *(.rel.got)

.rela.got
 *(.rela.got)

.rel.bss
 *(.rel.bss)

.rela.bss
 *(.rela.bss)

.rel.plt
 *(.rel.plt)

.rela.plt
 *(.rela.plt)

.text           0x00000000     0x681c
 *(.vectors)
 .vectors       0x00000000       0x54 c:/program files (x86)/atmel/avr tools/avr toolchain/bin/../lib/gcc/avr/4.5.1/../../../../avr/lib/avr5/crtm32.o
                0x00000000                __vector_default
                0x00000000                __vectors
 *(.vectors)
 *(.progmem.gcc*)
 *(.progmem*)
 .progmem.data  0x00000054     0x4200 RTOS_Sample.o
                0x00000054                sample_data
                0x00004254                . = ALIGN (0x2)
                0x00004254                __trampolines_start = .
 *(.trampolines)
 .trampolines   0x00004254        0x0 linker stubs
 *(.trampolines*)
                0x00004254                __trampolines_end = .
 *(.jumptables)
 *(.jumptables*)
 *(.lowtext)
 *(.lowtext*)
                0x00004254                __ctors_start = .
 *(.ctors)
                0x00004254                __ctors_end = .
                0x00004254                __dtors_start = .
 *(.dtors)
                0x00004254                __dtors_end = .
 SORT(*)(.ctors)
 SORT(*)(.dtors)
 *(.init0)
 .init0         0x00004254        0x0 c:/program files (x86)/atmel/avr tools/avr toolchain/bin/../lib/gcc/avr/4.5.1/../../../../avr/lib/avr5/crtm32.o
                0x00004254                __init
 *(.init0)
 *(.init1)
 *(.init1)
 *(.init2)
 .init2         0x00004254        0xc c:/program files (x86)/atmel/avr tools/avr toolchain/bin/../lib/gcc/avr/4.5.1/../../../../avr/lib/avr5/crtm32.o
 *(.init2)
 *(.init3)
 *(.init3)
 *(.init4)
 .init4         0x00004260       0x16 c:/program files (x86)/atmel/avr tools/avr toolchain/bin/../lib/gcc/avr/4.5.1/avr5\libgcc.a(_copy_data.o)
                0x00004260                __do_copy_data
 .init4         0x00004276       0x10 c:/program files (x86)/atmel/avr tools/avr toolchain/bin/../lib/gcc/avr/4.5.1/avr5\libgcc.a(_clear_bss.o)
                0x00004276                __do_clear_bss
 *(.init4)
 *(.init5)
 *(.init5)
 *(.init6)
 *(.init6)
 *(.init7)
 *(.init7)
 *(.init8)
 *(.init8)
 *(.init9)
 .init9         0x00004286        0x8 c:/program files (x86)/atmel/avr tools/avr toolchain/bin/../lib/gcc/avr/4.5.1/../../../../avr/lib/avr5/crtm32.o
 *(.init9)
 *(.text)
 .text          0x0000428e        0x4 c:/program files (x86)/atmel/avr tools/avr toolchain/bin/../lib/gcc/avr/4.5.1/../../../../avr/lib/avr5/crtm32.o
                0x0000428e                __vector_1
                0x0000428e                __vector_12
                0x0000428e                __bad_interrupt
                0x0000428e                __vector_6
                0x0000428e                __vector_3
                0x0000428e                __vector_11
                0x0000428e                __vector_13
                0x0000428e                __vector_17
                0x0000428e                __vector_19
                0x0000428e                __vector_5
                0x0000428e                __vector_4
                0x0000428e                __vector_9
                0x0000428e                __vector_2
                0x0000428e                __vector_15
                0x0000428e                __vector_8
                0x0000428e                __vector_14
                0x0000428e                __vector_10
                0x0000428e                __vector_16
                0x0000428e                __vector_18
                0x0000428e                __vector_20
 .text          0x00004292      0x740 RTOS_Sample.o
                0x00004292                vPutarServoTask
                0x00004316                vLEDTask
                0x000043b0                vMusicTask
                0x000043ee                vMainGameTask
                0x0000458a                vInputTask
                0x00004652                vLCDTask
                0x000047cc                vSonarTask
                0x00004818                vServoTask
                0x00004896                main
 .text          0x000049d2      0x3b0 croutine.o
                0x000049d2                xCoRoutineCreate
                0x00004ad8                vCoRoutineAddToDelayedList
                0x00004b52                vCoRoutineSchedule
                0x00004d38                xCoRoutineRemoveFromEventList
 .text          0x00004d82      0x124 list.o
                0x00004d82                vListInitialise
                0x00004d9e                vListInitialiseItem
                0x00004da6                vListInsertEnd
                0x00004df0                vListInsert
                0x00004e5e                vListRemove
 .text          0x00004ea6      0x61a queue.o
                0x00004f26                xQueueCreate
                0x00004fe6                xQueueGenericSend
                0x000051a2                xQueueGenericSendFromISR
                0x00005260                xQueueGenericReceive
                0x000053f6                xQueueReceiveFromISR
                0x00005476                uxQueueMessagesWaiting
                0x00005486                uxQueueMessagesWaitingFromISR
                0x0000548c                vQueueDelete
                0x000054a6                xQueueIsQueueEmptyFromISR
                0x000054b2                xQueueIsQueueFullFromISR
 .text          0x000054c0      0x82c tasks.o
                0x0000553c                xTaskGenericCreate
                0x00005756                vTaskStartScheduler
                0x000057ac                vTaskEndScheduler
                0x000057b8                vTaskSuspendAll
                0x000057c4                xTaskGetTickCount
                0x000057da                xTaskGetTickCountFromISR
                0x000057e6                uxTaskGetNumberOfTasks
                0x000057ec                vTaskIncrementTick
                0x00005930                xTaskResumeAll
                0x00005a2e                vTaskDelay
                0x00005a76                vTaskDelayUntil
                0x00005af6                vTaskSwitchContext
                0x00005b9a                vTaskPlaceOnEventList
                0x00005bd4                xTaskRemoveFromEventList
                0x00005c58                vTaskSetTimeOutState
                0x00005c6e                xTaskCheckForTimeOut
                0x00005ce4                vTaskMissedYield
 .text          0x00005cec        0x0 timers.o
 .text          0x00005cec      0x26e port.o
                0x00005cec                pxPortInitialiseStack
                0x00005d80                xPortStartScheduler
                0x00005dea                vPortEndScheduler
                0x00005dec                vPortYield
                0x00005e9e                vPortYieldFromTick
                0x00005f54                __vector_7
 .text          0x00005f5a       0x72 heap_1.o
                0x00005f5a                pvPortMalloc
                0x00005fac                vPortFree
                0x00005fae                vPortInitialiseBlocks
                0x00005fb8                xPortGetFreeHeapSize
 .text          0x00005fcc       0x80 i2c.o
                0x00005fcc                i2c_transmit
                0x00006000                i2cRead
 .text          0x0000604c      0x172 lcd.o
                0x0000604c                lcdSiap
                0x00006064                lcdWait
                0x0000606e                kirim_perintah_lcd
                0x00006096                init_lcd
                0x000060c8                clear_lcd
                0x000060dc                set_cursor
                0x000060ee                tulis_data_ram_lcd
                0x00006116                tulis_string2
                0x0000615a                tulis_string
                0x000061a8                tulis_data_at
 .text          0x000061be      0x31e game.o
                0x000061be                setup_seed
                0x000061f2                init_game
                0x000062c8                update_game
                0x000063fc                draw_game
                0x00006498                set_mario
                0x000064b4                get_mario
                0x000064be                get_state
                0x000064c8                getpass
                0x000064d2                set_mode
 .text          0x000064dc        0x0 c:/program files (x86)/atmel/avr tools/avr toolchain/bin/../lib/gcc/avr/4.5.1/avr5\libgcc.a(_divmodhi4.o)
 .text          0x000064dc        0x0 c:/program files (x86)/atmel/avr tools/avr toolchain/bin/../lib/gcc/avr/4.5.1/avr5\libgcc.a(_exit.o)
 .text          0x000064dc        0x0 c:/program files (x86)/atmel/avr tools/avr toolchain/bin/../lib/gcc/avr/4.5.1/avr5\libgcc.a(_copy_data.o)
 .text          0x000064dc        0x0 c:/program files (x86)/atmel/avr tools/avr toolchain/bin/../lib/gcc/avr/4.5.1/avr5\libgcc.a(_clear_bss.o)
 .text          0x000064dc        0x0 c:/program files (x86)/atmel/avr tools/avr toolchain/bin/../lib/gcc/avr/4.5.1/avr5\libgcc.a(_udivmodhi4.o)
 .text          0x000064dc        0x0 c:/program files (x86)/atmel/avr tools/avr toolchain/bin/../lib/gcc/avr/4.5.1/../../../../avr/lib/avr5\libc.a(rand.o)
 .text          0x000064dc        0x0 c:/program files (x86)/atmel/avr tools/avr toolchain/bin/../lib/gcc/avr/4.5.1/../../../../avr/lib/avr5\libc.a(memcpy.o)
 .text          0x000064dc        0x0 c:/program files (x86)/atmel/avr tools/avr toolchain/bin/../lib/gcc/avr/4.5.1/../../../../avr/lib/avr5\libc.a(memset.o)
 .text          0x000064dc        0x0 c:/program files (x86)/atmel/avr tools/avr toolchain/bin/../lib/gcc/avr/4.5.1/../../../../avr/lib/avr5\libc.a(strncpy.o)
 .text          0x000064dc        0x0 c:/program files (x86)/atmel/avr tools/avr toolchain/bin/../lib/gcc/avr/4.5.1/../../../../avr/lib/avr5\libc.a(ltoa.o)
 .text          0x000064dc        0x0 c:/program files (x86)/atmel/avr tools/avr toolchain/bin/../lib/gcc/avr/4.5.1/../../../../avr/lib/avr5\libc.a(eerd_word_atmega32.o)
 .text          0x000064dc        0x0 c:/program files (x86)/atmel/avr tools/avr toolchain/bin/../lib/gcc/avr/4.5.1/../../../../avr/lib/avr5\libc.a(eeupd_word_atmega32.o)
 .text          0x000064dc        0x0 c:/program files (x86)/atmel/avr tools/avr toolchain/bin/../lib/gcc/avr/4.5.1/../../../../avr/lib/avr5\libc.a(strrev.o)
 .text          0x000064dc        0x0 c:/program files (x86)/atmel/avr tools/avr toolchain/bin/../lib/gcc/avr/4.5.1/../../../../avr/lib/avr5\libc.a(eerd_block_atmega32.o)
 .text          0x000064dc        0x0 c:/program files (x86)/atmel/avr tools/avr toolchain/bin/../lib/gcc/avr/4.5.1/../../../../avr/lib/avr5\libc.a(eeupd_byte_atmega32.o)
 .text          0x000064dc        0x0 c:/program files (x86)/atmel/avr tools/avr toolchain/bin/../lib/gcc/avr/4.5.1/avr5\libgcc.a(_mulsi3.o)
 .text          0x000064dc        0x0 c:/program files (x86)/atmel/avr tools/avr toolchain/bin/../lib/gcc/avr/4.5.1/avr5\libgcc.a(_udivmodsi4.o)
 .text          0x000064dc        0x0 c:/program files (x86)/atmel/avr tools/avr toolchain/bin/../lib/gcc/avr/4.5.1/avr5\libgcc.a(_divmodsi4.o)
 .text          0x000064dc        0x0 c:/program files (x86)/atmel/avr tools/avr toolchain/bin/../lib/gcc/avr/4.5.1/avr5\libgcc.a(_prologue.o)
 .text          0x000064dc        0x0 c:/program files (x86)/atmel/avr tools/avr toolchain/bin/../lib/gcc/avr/4.5.1/avr5\libgcc.a(_epilogue.o)
                0x000064dc                . = ALIGN (0x2)
 *(.text.*)
 .text.libgcc   0x000064dc       0x26 c:/program files (x86)/atmel/avr tools/avr toolchain/bin/../lib/gcc/avr/4.5.1/avr5\libgcc.a(_divmodhi4.o)
                0x000064dc                _div
                0x000064dc                __divmodhi4
 .text.libgcc   0x00006502        0x0 c:/program files (x86)/atmel/avr tools/avr toolchain/bin/../lib/gcc/avr/4.5.1/avr5\libgcc.a(_exit.o)
 .text.libgcc   0x00006502        0x0 c:/program files (x86)/atmel/avr tools/avr toolchain/bin/../lib/gcc/avr/4.5.1/avr5\libgcc.a(_copy_data.o)
 .text.libgcc   0x00006502        0x0 c:/program files (x86)/atmel/avr tools/avr toolchain/bin/../lib/gcc/avr/4.5.1/avr5\libgcc.a(_clear_bss.o)
 .text.libgcc   0x00006502       0x28 c:/program files (x86)/atmel/avr tools/avr toolchain/bin/../lib/gcc/avr/4.5.1/avr5\libgcc.a(_udivmodhi4.o)
                0x00006502                __udivmodhi4
 .text.avr-libc
                0x0000652a       0xa8 c:/program files (x86)/atmel/avr tools/avr toolchain/bin/../lib/gcc/avr/4.5.1/../../../../avr/lib/avr5\libc.a(rand.o)
                0x000065ac                rand_r
                0x000065b2                rand
                0x000065bc                srand
 .text.avr-libc
                0x000065d2       0x12 c:/program files (x86)/atmel/avr tools/avr toolchain/bin/../lib/gcc/avr/4.5.1/../../../../avr/lib/avr5\libc.a(memcpy.o)
                0x000065d2                memcpy
 .text.avr-libc
                0x000065e4        0xe c:/program files (x86)/atmel/avr tools/avr toolchain/bin/../lib/gcc/avr/4.5.1/../../../../avr/lib/avr5\libc.a(memset.o)
                0x000065e4                memset
 .text.avr-libc
                0x000065f2       0x1e c:/program files (x86)/atmel/avr tools/avr toolchain/bin/../lib/gcc/avr/4.5.1/../../../../avr/lib/avr5\libc.a(strncpy.o)
                0x000065f2                strncpy
 .text.avr-libc
                0x00006610       0x68 c:/program files (x86)/atmel/avr tools/avr toolchain/bin/../lib/gcc/avr/4.5.1/../../../../avr/lib/avr5\libc.a(ltoa.o)
                0x00006610                ltoa
 .text.avr-libc
                0x00006678        0xc c:/program files (x86)/atmel/avr tools/avr toolchain/bin/../lib/gcc/avr/4.5.1/../../../../avr/lib/avr5\libc.a(eerd_word_atmega32.o)
                0x00006678                __eerd_word_m32
 .text.avr-libc
                0x00006684        0xc c:/program files (x86)/atmel/avr tools/avr toolchain/bin/../lib/gcc/avr/4.5.1/../../../../avr/lib/avr5\libc.a(eeupd_word_atmega32.o)
                0x00006684                __eeupd_word_m32
 .text.avr-libc
                0x00006690       0x20 c:/program files (x86)/atmel/avr tools/avr toolchain/bin/../lib/gcc/avr/4.5.1/../../../../avr/lib/avr5\libc.a(strrev.o)
                0x00006690                strrev
 .text.avr-libc
                0x000066b0       0x20 c:/program files (x86)/atmel/avr tools/avr toolchain/bin/../lib/gcc/avr/4.5.1/../../../../avr/lib/avr5\libc.a(eerd_block_atmega32.o)
                0x000066b0                __eerd_block_m32
                0x000066b4                __eerd_blraw_m32
 .text.avr-libc
                0x000066d0       0x22 c:/program files (x86)/atmel/avr tools/avr toolchain/bin/../lib/gcc/avr/4.5.1/../../../../avr/lib/avr5\libc.a(eeupd_byte_atmega32.o)
                0x000066d0                __eeupd_byte_m32
                0x000066d2                __eeupd_r18_m32
 .text.libgcc   0x000066f2       0x3e c:/program files (x86)/atmel/avr tools/avr toolchain/bin/../lib/gcc/avr/4.5.1/avr5\libgcc.a(_mulsi3.o)
                0x000066f2                __mulsi3
 .text.libgcc   0x00006730       0x44 c:/program files (x86)/atmel/avr tools/avr toolchain/bin/../lib/gcc/avr/4.5.1/avr5\libgcc.a(_udivmodsi4.o)
                0x00006730                __udivmodsi4
 .text.libgcc   0x00006774       0x36 c:/program files (x86)/atmel/avr tools/avr toolchain/bin/../lib/gcc/avr/4.5.1/avr5\libgcc.a(_divmodsi4.o)
                0x00006774                __divmodsi4
 .text.libgcc   0x000067aa       0x38 c:/program files (x86)/atmel/avr tools/avr toolchain/bin/../lib/gcc/avr/4.5.1/avr5\libgcc.a(_prologue.o)
                0x000067aa                __prologue_saves__
 .text.libgcc   0x000067e2       0x36 c:/program files (x86)/atmel/avr tools/avr toolchain/bin/../lib/gcc/avr/4.5.1/avr5\libgcc.a(_epilogue.o)
                0x000067e2                __epilogue_restores__
                0x00006818                . = ALIGN (0x2)
 *(.fini9)
 .fini9         0x00006818        0x0 c:/program files (x86)/atmel/avr tools/avr toolchain/bin/../lib/gcc/avr/4.5.1/avr5\libgcc.a(_exit.o)
                0x00006818                _exit
                0x00006818                exit
 *(.fini9)
 *(.fini8)
 *(.fini8)
 *(.fini7)
 *(.fini7)
 *(.fini6)
 *(.fini6)
 *(.fini5)
 *(.fini5)
 *(.fini4)
 *(.fini4)
 *(.fini3)
 *(.fini3)
 *(.fini2)
 *(.fini2)
 *(.fini1)
 *(.fini1)
 *(.fini0)
 .fini0         0x00006818        0x4 c:/program files (x86)/atmel/avr tools/avr toolchain/bin/../lib/gcc/avr/4.5.1/avr5\libgcc.a(_exit.o)
 *(.fini0)
                0x0000681c                _etext = .

.data           0x00800060       0xae load address 0x0000681c
                0x00800060                PROVIDE (__data_start, .)
 *(.data)
 .data          0x00800060        0x0 c:/program files (x86)/atmel/avr tools/avr toolchain/bin/../lib/gcc/avr/4.5.1/../../../../avr/lib/avr5/crtm32.o
 .data          0x00800060       0x9e RTOS_Sample.o
                0x008000c1                sample_length
 .data          0x008000fe        0x0 croutine.o
 .data          0x008000fe        0x0 list.o
 .data          0x008000fe        0x0 queue.o
 .data          0x008000fe        0x7 tasks.o
 .data          0x00800105        0x0 timers.o
 .data          0x00800105        0x0 port.o
 .data          0x00800105        0x0 heap_1.o
 .data          0x00800105        0x0 i2c.o
 .data          0x00800105        0x0 lcd.o
 .data          0x00800105        0x4 game.o
 .data          0x00800109        0x0 c:/program files (x86)/atmel/avr tools/avr toolchain/bin/../lib/gcc/avr/4.5.1/avr5\libgcc.a(_divmodhi4.o)
 .data          0x00800109        0x0 c:/program files (x86)/atmel/avr tools/avr toolchain/bin/../lib/gcc/avr/4.5.1/avr5\libgcc.a(_exit.o)
 .data          0x00800109        0x0 c:/program files (x86)/atmel/avr tools/avr toolchain/bin/../lib/gcc/avr/4.5.1/avr5\libgcc.a(_copy_data.o)
 .data          0x00800109        0x0 c:/program files (x86)/atmel/avr tools/avr toolchain/bin/../lib/gcc/avr/4.5.1/avr5\libgcc.a(_clear_bss.o)
 .data          0x00800109        0x0 c:/program files (x86)/atmel/avr tools/avr toolchain/bin/../lib/gcc/avr/4.5.1/avr5\libgcc.a(_udivmodhi4.o)
 .data          0x00800109        0x4 c:/program files (x86)/atmel/avr tools/avr toolchain/bin/../lib/gcc/avr/4.5.1/../../../../avr/lib/avr5\libc.a(rand.o)
 .data          0x0080010d        0x0 c:/program files (x86)/atmel/avr tools/avr toolchain/bin/../lib/gcc/avr/4.5.1/../../../../avr/lib/avr5\libc.a(memcpy.o)
 .data          0x0080010d        0x0 c:/program files (x86)/atmel/avr tools/avr toolchain/bin/../lib/gcc/avr/4.5.1/../../../../avr/lib/avr5\libc.a(memset.o)
 .data          0x0080010d        0x0 c:/program files (x86)/atmel/avr tools/avr toolchain/bin/../lib/gcc/avr/4.5.1/../../../../avr/lib/avr5\libc.a(strncpy.o)
 .data          0x0080010d        0x0 c:/program files (x86)/atmel/avr tools/avr toolchain/bin/../lib/gcc/avr/4.5.1/../../../../avr/lib/avr5\libc.a(ltoa.o)
 .data          0x0080010d        0x0 c:/program files (x86)/atmel/avr tools/avr toolchain/bin/../lib/gcc/avr/4.5.1/../../../../avr/lib/avr5\libc.a(eerd_word_atmega32.o)
 .data          0x0080010d        0x0 c:/program files (x86)/atmel/avr tools/avr toolchain/bin/../lib/gcc/avr/4.5.1/../../../../avr/lib/avr5\libc.a(eeupd_word_atmega32.o)
 .data          0x0080010d        0x0 c:/program files (x86)/atmel/avr tools/avr toolchain/bin/../lib/gcc/avr/4.5.1/../../../../avr/lib/avr5\libc.a(strrev.o)
 .data          0x0080010d        0x0 c:/program files (x86)/atmel/avr tools/avr toolchain/bin/../lib/gcc/avr/4.5.1/../../../../avr/lib/avr5\libc.a(eerd_block_atmega32.o)
 .data          0x0080010d        0x0 c:/program files (x86)/atmel/avr tools/avr toolchain/bin/../lib/gcc/avr/4.5.1/../../../../avr/lib/avr5\libc.a(eeupd_byte_atmega32.o)
 .data          0x0080010d        0x0 c:/program files (x86)/atmel/avr tools/avr toolchain/bin/../lib/gcc/avr/4.5.1/avr5\libgcc.a(_mulsi3.o)
 .data          0x0080010d        0x0 c:/program files (x86)/atmel/avr tools/avr toolchain/bin/../lib/gcc/avr/4.5.1/avr5\libgcc.a(_udivmodsi4.o)
 .data          0x0080010d        0x0 c:/program files (x86)/atmel/avr tools/avr toolchain/bin/../lib/gcc/avr/4.5.1/avr5\libgcc.a(_divmodsi4.o)
 .data          0x0080010d        0x0 c:/program files (x86)/atmel/avr tools/avr toolchain/bin/../lib/gcc/avr/4.5.1/avr5\libgcc.a(_prologue.o)
 .data          0x0080010d        0x0 c:/program files (x86)/atmel/avr tools/avr toolchain/bin/../lib/gcc/avr/4.5.1/avr5\libgcc.a(_epilogue.o)
 *(.data*)
 *(.rodata)
 *(.rodata*)
 *(.gnu.linkonce.d*)
                0x0080010e                . = ALIGN (0x2)
 *fill*         0x0080010d        0x1 00
                0x0080010e                _edata = .
                0x0080010e                PROVIDE (__data_end, .)

.bss            0x0080010e      0x698
                0x0080010e                PROVIDE (__bss_start, .)
 *(.bss)
 .bss           0x0080010e        0x0 c:/program files (x86)/atmel/avr tools/avr toolchain/bin/../lib/gcc/avr/4.5.1/../../../../avr/lib/avr5/crtm32.o
 .bss           0x0080010e        0x8 RTOS_Sample.o
 .bss           0x00800116       0x3a croutine.o
                0x00800116                pxCurrentCoRoutine
 .bss           0x00800150        0x0 list.o
 .bss           0x00800150        0x0 queue.o
 .bss           0x00800150       0x50 tasks.o
                0x00800150                pxCurrentTCB
 .bss           0x008001a0        0x0 timers.o
 .bss           0x008001a0        0x0 port.o
 .bss           0x008001a0      0x5de heap_1.o
 .bss           0x0080077e        0x0 i2c.o
 .bss           0x0080077e        0x0 lcd.o
 .bss           0x0080077e       0x28 game.o
 .bss           0x008007a6        0x0 c:/program files (x86)/atmel/avr tools/avr toolchain/bin/../lib/gcc/avr/4.5.1/avr5\libgcc.a(_divmodhi4.o)
 .bss           0x008007a6        0x0 c:/program files (x86)/atmel/avr tools/avr toolchain/bin/../lib/gcc/avr/4.5.1/avr5\libgcc.a(_exit.o)
 .bss           0x008007a6        0x0 c:/program files (x86)/atmel/avr tools/avr toolchain/bin/../lib/gcc/avr/4.5.1/avr5\libgcc.a(_copy_data.o)
 .bss           0x008007a6        0x0 c:/program files (x86)/atmel/avr tools/avr toolchain/bin/../lib/gcc/avr/4.5.1/avr5\libgcc.a(_clear_bss.o)
 .bss           0x008007a6        0x0 c:/program files (x86)/atmel/avr tools/avr toolchain/bin/../lib/gcc/avr/4.5.1/avr5\libgcc.a(_udivmodhi4.o)
 .bss           0x008007a6        0x0 c:/program files (x86)/atmel/avr tools/avr toolchain/bin/../lib/gcc/avr/4.5.1/../../../../avr/lib/avr5\libc.a(rand.o)
 .bss           0x008007a6        0x0 c:/program files (x86)/atmel/avr tools/avr toolchain/bin/../lib/gcc/avr/4.5.1/../../../../avr/lib/avr5\libc.a(memcpy.o)
 .bss           0x008007a6        0x0 c:/program files (x86)/atmel/avr tools/avr toolchain/bin/../lib/gcc/avr/4.5.1/../../../../avr/lib/avr5\libc.a(memset.o)
 .bss           0x008007a6        0x0 c:/program files (x86)/atmel/avr tools/avr toolchain/bin/../lib/gcc/avr/4.5.1/../../../../avr/lib/avr5\libc.a(strncpy.o)
 .bss           0x008007a6        0x0 c:/program files (x86)/atmel/avr tools/avr toolchain/bin/../lib/gcc/avr/4.5.1/../../../../avr/lib/avr5\libc.a(ltoa.o)
 .bss           0x008007a6        0x0 c:/program files (x86)/atmel/avr tools/avr toolchain/bin/../lib/gcc/avr/4.5.1/../../../../avr/lib/avr5\libc.a(eerd_word_atmega32.o)
 .bss           0x008007a6        0x0 c:/program files (x86)/atmel/avr tools/avr toolchain/bin/../lib/gcc/avr/4.5.1/../../../../avr/lib/avr5\libc.a(eeupd_word_atmega32.o)
 .bss           0x008007a6        0x0 c:/program files (x86)/atmel/avr tools/avr toolchain/bin/../lib/gcc/avr/4.5.1/../../../../avr/lib/avr5\libc.a(strrev.o)
 .bss           0x008007a6        0x0 c:/program files (x86)/atmel/avr tools/avr toolchain/bin/../lib/gcc/avr/4.5.1/../../../../avr/lib/avr5\libc.a(eerd_block_atmega32.o)
 .bss           0x008007a6        0x0 c:/program files (x86)/atmel/avr tools/avr toolchain/bin/../lib/gcc/avr/4.5.1/../../../../avr/lib/avr5\libc.a(eeupd_byte_atmega32.o)
 .bss           0x008007a6        0x0 c:/program files (x86)/atmel/avr tools/avr toolchain/bin/../lib/gcc/avr/4.5.1/avr5\libgcc.a(_mulsi3.o)
 .bss           0x008007a6        0x0 c:/program files (x86)/atmel/avr tools/avr toolchain/bin/../lib/gcc/avr/4.5.1/avr5\libgcc.a(_udivmodsi4.o)
 .bss           0x008007a6        0x0 c:/program files (x86)/atmel/avr tools/avr toolchain/bin/../lib/gcc/avr/4.5.1/avr5\libgcc.a(_divmodsi4.o)
 .bss           0x008007a6        0x0 c:/program files (x86)/atmel/avr tools/avr toolchain/bin/../lib/gcc/avr/4.5.1/avr5\libgcc.a(_prologue.o)
 .bss           0x008007a6        0x0 c:/program files (x86)/atmel/avr tools/avr toolchain/bin/../lib/gcc/avr/4.5.1/avr5\libgcc.a(_epilogue.o)
 *(.bss*)
 *(COMMON)
                0x008007a6                PROVIDE (__bss_end, .)
                0x0000681c                __data_load_start = LOADADDR (.data)
                0x000068ca                __data_load_end = (__data_load_start + SIZEOF (.data))

.noinit         0x008007a6        0x0
                0x008007a6                PROVIDE (__noinit_start, .)
 *(.noinit*)
                0x008007a6                PROVIDE (__noinit_end, .)
                0x008007a6                _end = .
                0x008007a6                PROVIDE (__heap_start, .)

.eeprom         0x00810000        0x0
 *(.eeprom*)
                0x00810000                __eeprom_end = .

.fuse
 *(.fuse)
 *(.lfuse)
 *(.hfuse)
 *(.efuse)

.lock
 *(.lock*)

.signature
 *(.signature*)

.stab           0x00000000      0xed0
 *(.stab)
 .stab          0x00000000      0x6cc c:/program files (x86)/atmel/avr tools/avr toolchain/bin/../lib/gcc/avr/4.5.1/../../../../avr/lib/avr5/crtm32.o
 .stab          0x000006cc       0x84 c:/program files (x86)/atmel/avr tools/avr toolchain/bin/../lib/gcc/avr/4.5.1/../../../../avr/lib/avr5\libc.a(memcpy.o)
                                 0x90 (size before relaxing)
 .stab          0x00000750       0x6c c:/program files (x86)/atmel/avr tools/avr toolchain/bin/../lib/gcc/avr/4.5.1/../../../../avr/lib/avr5\libc.a(memset.o)
                                 0x78 (size before relaxing)
 .stab          0x000007bc       0xcc c:/program files (x86)/atmel/avr tools/avr toolchain/bin/../lib/gcc/avr/4.5.1/../../../../avr/lib/avr5\libc.a(strncpy.o)
                                 0xd8 (size before relaxing)
 .stab          0x00000888      0x294 c:/program files (x86)/atmel/avr tools/avr toolchain/bin/../lib/gcc/avr/4.5.1/../../../../avr/lib/avr5\libc.a(ltoa.o)
                                0x2a0 (size before relaxing)
 .stab          0x00000b1c       0x6c c:/program files (x86)/atmel/avr tools/avr toolchain/bin/../lib/gcc/avr/4.5.1/../../../../avr/lib/avr5\libc.a(eerd_word_atmega32.o)
                                 0x78 (size before relaxing)
 .stab          0x00000b88       0x60 c:/program files (x86)/atmel/avr tools/avr toolchain/bin/../lib/gcc/avr/4.5.1/../../../../avr/lib/avr5\libc.a(eeupd_word_atmega32.o)
                                 0x6c (size before relaxing)
 .stab          0x00000be8       0xd8 c:/program files (x86)/atmel/avr tools/avr toolchain/bin/../lib/gcc/avr/4.5.1/../../../../avr/lib/avr5\libc.a(strrev.o)
                                 0xe4 (size before relaxing)
 .stab          0x00000cc0      0x108 c:/program files (x86)/atmel/avr tools/avr toolchain/bin/../lib/gcc/avr/4.5.1/../../../../avr/lib/avr5\libc.a(eerd_block_atmega32.o)
                                0x114 (size before relaxing)
 .stab          0x00000dc8      0x108 c:/program files (x86)/atmel/avr tools/avr toolchain/bin/../lib/gcc/avr/4.5.1/../../../../avr/lib/avr5\libc.a(eeupd_byte_atmega32.o)
                                0x114 (size before relaxing)

.stabstr        0x00000000      0x403
 *(.stabstr)
 .stabstr       0x00000000      0x403 c:/program files (x86)/atmel/avr tools/avr toolchain/bin/../lib/gcc/avr/4.5.1/../../../../avr/lib/avr5/crtm32.o

.stab.excl
 *(.stab.excl)

.stab.exclstr
 *(.stab.exclstr)

.stab.index
 *(.stab.index)

.stab.indexstr
 *(.stab.indexstr)

.comment
 *(.comment)

.debug
 *(.debug)

.line
 *(.line)

.debug_srcinfo
 *(.debug_srcinfo)

.debug_sfnames
 *(.debug_sfnames)

.debug_aranges  0x00000000      0x178
 *(.debug_aranges)
 .debug_aranges
                0x00000000       0x20 RTOS_Sample.o
 .debug_aranges
                0x00000020       0x20 croutine.o
 .debug_aranges
                0x00000040       0x20 list.o
 .debug_aranges
                0x00000060       0x20 queue.o
 .debug_aranges
                0x00000080       0x20 tasks.o
 .debug_aranges
                0x000000a0       0x20 port.o
 .debug_aranges
                0x000000c0       0x20 heap_1.o
 .debug_aranges
                0x000000e0       0x20 i2c.o
 .debug_aranges
                0x00000100       0x20 lcd.o
 .debug_aranges
                0x00000120       0x20 game.o
 .debug_aranges
                0x00000140       0x38 c:/program files (x86)/atmel/avr tools/avr toolchain/bin/../lib/gcc/avr/4.5.1/../../../../avr/lib/avr5\libc.a(rand.o)

.debug_pubnames
                0x00000000      0x716
 *(.debug_pubnames)
 .debug_pubnames
                0x00000000       0xb9 RTOS_Sample.o
 .debug_pubnames
                0x000000b9       0x96 croutine.o
 .debug_pubnames
                0x0000014f       0x71 list.o
 .debug_pubnames
                0x000001c0      0x111 queue.o
 .debug_pubnames
                0x000002d1      0x1ac tasks.o
 .debug_pubnames
                0x0000047d       0x8f port.o
 .debug_pubnames
                0x0000050c       0x64 heap_1.o
 .debug_pubnames
                0x00000570       0x2f i2c.o
 .debug_pubnames
                0x0000059f       0xb7 lcd.o
 .debug_pubnames
                0x00000656       0x90 game.o
 .debug_pubnames
                0x000006e6       0x30 c:/program files (x86)/atmel/avr tools/avr toolchain/bin/../lib/gcc/avr/4.5.1/../../../../avr/lib/avr5\libc.a(rand.o)

.debug_info     0x00000000     0x2d74
 *(.debug_info)
 .debug_info    0x00000000      0x59f RTOS_Sample.o
 .debug_info    0x0000059f      0x520 croutine.o
 .debug_info    0x00000abf      0x2a7 list.o
 .debug_info    0x00000d66      0x7f4 queue.o
 .debug_info    0x0000155a      0xaa9 tasks.o
 .debug_info    0x00002003       0x6c timers.o
 .debug_info    0x0000206f      0x1e1 port.o
 .debug_info    0x00002250      0x16a heap_1.o
 .debug_info    0x000023ba       0xf8 i2c.o
 .debug_info    0x000024b2      0x4c0 lcd.o
 .debug_info    0x00002972      0x2e2 game.o
 .debug_info    0x00002c54      0x120 c:/program files (x86)/atmel/avr tools/avr toolchain/bin/../lib/gcc/avr/4.5.1/../../../../avr/lib/avr5\libc.a(rand.o)
 *(.gnu.linkonce.wi.*)

.debug_abbrev   0x00000000      0xeca
 *(.debug_abbrev)
 .debug_abbrev  0x00000000      0x1ab RTOS_Sample.o
 .debug_abbrev  0x000001ab      0x1d5 croutine.o
 .debug_abbrev  0x00000380       0xd4 list.o
 .debug_abbrev  0x00000454      0x1c0 queue.o
 .debug_abbrev  0x00000614      0x256 tasks.o
 .debug_abbrev  0x0000086a       0x2a timers.o
 .debug_abbrev  0x00000894      0x113 port.o
 .debug_abbrev  0x000009a7      0x10b heap_1.o
 .debug_abbrev  0x00000ab2       0xa1 i2c.o
 .debug_abbrev  0x00000b53      0x1c3 lcd.o
 .debug_abbrev  0x00000d16       0xe7 game.o
 .debug_abbrev  0x00000dfd       0xcd c:/program files (x86)/atmel/avr tools/avr toolchain/bin/../lib/gcc/avr/4.5.1/../../../../avr/lib/avr5\libc.a(rand.o)

.debug_line     0x00000000     0x2db2
 *(.debug_line)
 .debug_line    0x00000000      0x7cb RTOS_Sample.o
 .debug_line    0x000007cb      0x3be croutine.o
 .debug_line    0x00000b89      0x288 list.o
 .debug_line    0x00000e11      0x7f6 queue.o
 .debug_line    0x00001607      0x867 tasks.o
 .debug_line    0x00001e6e       0x3e timers.o
 .debug_line    0x00001eac      0x3f0 port.o
 .debug_line    0x0000229c      0x151 heap_1.o
 .debug_line    0x000023ed      0x1c8 i2c.o
 .debug_line    0x000025b5      0x38f lcd.o
 .debug_line    0x00002944      0x31d game.o
 .debug_line    0x00002c61      0x151 c:/program files (x86)/atmel/avr tools/avr toolchain/bin/../lib/gcc/avr/4.5.1/../../../../avr/lib/avr5\libc.a(rand.o)

.debug_frame    0x00000000      0x5e0
 *(.debug_frame)
 .debug_frame   0x00000000       0xa0 RTOS_Sample.o
 .debug_frame   0x000000a0       0x50 croutine.o
 .debug_frame   0x000000f0       0x60 list.o
 .debug_frame   0x00000150       0xc0 queue.o
 .debug_frame   0x00000210      0x140 tasks.o
 .debug_frame   0x00000350       0x70 port.o
 .debug_frame   0x000003c0       0x50 heap_1.o
 .debug_frame   0x00000410       0x30 i2c.o
 .debug_frame   0x00000440       0xb0 lcd.o
 .debug_frame   0x000004f0       0xa0 game.o
 .debug_frame   0x00000590       0x50 c:/program files (x86)/atmel/avr tools/avr toolchain/bin/../lib/gcc/avr/4.5.1/../../../../avr/lib/avr5\libc.a(rand.o)

.debug_str      0x00000000     0x1268
 *(.debug_str)
 .debug_str     0x00000000      0x321 RTOS_Sample.o
                                0x373 (size before relaxing)
 .debug_str     0x00000321      0x345 croutine.o
                                0x432 (size before relaxing)
 .debug_str     0x00000666       0xa4 list.o
                                0x20e (size before relaxing)
 .debug_str     0x0000070a      0x2fe queue.o
                                0x499 (size before relaxing)
 .debug_str     0x00000a08      0x485 tasks.o
                                0x6e8 (size before relaxing)
 .debug_str     0x00000e8d       0x13 timers.o
                                 0xf2 (size before relaxing)
 .debug_str     0x00000ea0       0xd9 port.o
                                0x1f3 (size before relaxing)
 .debug_str     0x00000f79       0xa9 heap_1.o
                                0x18f (size before relaxing)
 .debug_str     0x00001022       0x34 i2c.o
                                0x10d (size before relaxing)
 .debug_str     0x00001056      0x119 lcd.o
                                0x203 (size before relaxing)
 .debug_str     0x0000116f       0x95 game.o
                                0x188 (size before relaxing)
 .debug_str     0x00001204       0x64 c:/program files (x86)/atmel/avr tools/avr toolchain/bin/../lib/gcc/avr/4.5.1/../../../../avr/lib/avr5\libc.a(rand.o)
                                 0xa8 (size before relaxing)

.debug_loc      0x00000000     0x1e18
 *(.debug_loc)
 .debug_loc     0x00000000      0x41f RTOS_Sample.o
 .debug_loc     0x0000041f      0x24e croutine.o
 .debug_loc     0x0000066d      0x120 list.o
 .debug_loc     0x0000078d      0x6a8 queue.o
 .debug_loc     0x00000e35      0x638 tasks.o
 .debug_loc     0x0000146d      0x2d0 port.o
 .debug_loc     0x0000173d       0x78 heap_1.o
 .debug_loc     0x000017b5       0x5d i2c.o
 .debug_loc     0x00001812      0x245 lcd.o
 .debug_loc     0x00001a57      0x294 game.o
 .debug_loc     0x00001ceb      0x12d c:/program files (x86)/atmel/avr tools/avr toolchain/bin/../lib/gcc/avr/4.5.1/../../../../avr/lib/avr5\libc.a(rand.o)

.debug_macinfo
 *(.debug_macinfo)
OUTPUT(RTOS_Sample.elf elf32-avr)
LOAD linker stubs

.debug_pubtypes
                0x00000000      0x465
 .debug_pubtypes
                0x00000000       0x3b RTOS_Sample.o
 .debug_pubtypes
                0x0000003b       0xcd croutine.o
 .debug_pubtypes
                0x00000108       0x7a list.o
 .debug_pubtypes
                0x00000182       0xd4 queue.o
 .debug_pubtypes
                0x00000256      0x10c tasks.o
 .debug_pubtypes
                0x00000362       0x12 timers.o
 .debug_pubtypes
                0x00000374       0x3f port.o
 .debug_pubtypes
                0x000003b3       0x2c heap_1.o
 .debug_pubtypes
                0x000003df       0x1e i2c.o
 .debug_pubtypes
                0x000003fd       0x38 lcd.o
 .debug_pubtypes
                0x00000435       0x1e game.o
 .debug_pubtypes
                0x00000453       0x12 c:/program files (x86)/atmel/avr tools/avr toolchain/bin/../lib/gcc/avr/4.5.1/../../../../avr/lib/avr5\libc.a(rand.o)

.debug_ranges   0x00000000       0xa0
 .debug_ranges  0x00000000       0x30 RTOS_Sample.o
 .debug_ranges  0x00000030       0x30 tasks.o
 .debug_ranges  0x00000060       0x18 game.o
 .debug_ranges  0x00000078       0x28 c:/program files (x86)/atmel/avr tools/avr toolchain/bin/../lib/gcc/avr/4.5.1/../../../../avr/lib/avr5\libc.a(rand.o)
